[foo, -1, 0] => foo, -2, 0 
[foo, -1, 5] => foo, -2, 3 
[foo, -1, 7] => foo, -2, 5 
[foo, -1, 20] => foo, -2, 18 
[foo, -1, 49] => foo, -2, 47 
[foo, -1, 50] => foo, -2, 48 
[foo, -1, 80] => foo, -2, 78 
[foo, 0, 0] => foo, -1, 0 
[foo, 0, 5] => foo, -1, 3 
[foo, 0, 7] => foo, -1, 5 
[foo, 0, 20] => foo, -1, 18 
[foo, 0, 49] => foo, -1, 47 
[foo, 0, 50] => foo, -1, 48 
[foo, 0, 80] => foo, -1, 78 
[foo, 1, 0] => foo, 0, 0 
[foo, 1, 5] => foo, 0, 4 
[foo, 1, 7] => foo, 0, 6 
[foo, 1, 20] => foo, 0, 19 
[foo, 1, 49] => foo, 0, 48 
[foo, 1, 50] => foo, 0, 49 
[foo, 1, 80] => foo, 0, 79 
[foo, 2, 0] => foo, 1, 0 
[foo, 2, 5] => foo, 1, 4 
[foo, 2, 7] => foo, 1, 6 
[foo, 2, 20] => foo, 1, 19 
[foo, 2, 49] => foo, 1, 48 
[foo, 2, 50] => foo, 1, 49 
[foo, 2, 80] => foo, 1, 79 
[foo, 3, 0] => foo, 2, 0 
[foo, 3, 5] => foo, 2, 4 
[foo, 3, 7] => foo, 2, 6 
[foo, 3, 20] => foo, 2, 19 
[foo, 3, 49] => foo, 2, 48 
[foo, 3, 50] => foo, 2, 49 
[foo, 3, 80] => foo, 2, 79 
[foo, 5, 0] => foo, 4, 0 
[foo, 5, 5] => foo, 4, 4 
[foo, 5, 7] => foo, 4, 6 
[foo, 5, 20] => foo, 4, 19 
[foo, 5, 49] => foo, 4, 48 
[foo, 5, 50] => foo, 4, 49 
[foo, 5, 80] => foo, 4, 79 
[foo, 6, 0] => foo, 5, 0 
[foo, 6, 5] => foo, 5, 4 
[foo, 6, 7] => foo, 5, 6 
[foo, 6, 20] => foo, 5, 19 
[foo, 6, 49] => foo, 5, 48 
[foo, 6, 50] => foo, 5, 49 
[foo, 6, 80] => foo, 5, 79 
[foo, 9, 0] => foo, 8, 0 
[foo, 9, 5] => foo, 8, 4 
[foo, 9, 7] => foo, 8, 6 
[foo, 9, 20] => foo, 8, 19 
[foo, 9, 49] => foo, 8, 48 
[foo, 9, 50] => foo, 8, 49 
[foo, 9, 80] => foo, 8, 79 
[foo, 10, 0] => foo, 9, 0 
[foo, 10, 5] => foo, 9, 4 
[foo, 10, 7] => foo, 9, 6 
[foo, 10, 20] => foo, 9, 19 
[foo, 10, 49] => foo, 9, 48 
[foo, 10, 50] => foo, 9, 49 
[foo, 10, 80] => foo, 9, 79 
[foo, 11, 0] => foo, 10, 0 
[foo, 11, 5] => foo, 10, 4 
[foo, 11, 7] => foo, 10, 6 
[foo, 11, 20] => foo, 10, 19 
[foo, 11, 49] => foo, 10, 48 
[foo, 11, 50] => foo, 10, 49 
[foo, 11, 80] => foo, 10, 79 
[foo, 12, 0] => foo, 11, 0 
[foo, 12, 5] => foo, 11, 4 
[foo, 12, 7] => foo, 11, 6 
[foo, 12, 20] => foo, 11, 19 
[foo, 12, 49] => foo, 11, 48 
[foo, 12, 50] => foo, 11, 49 
[foo, 12, 80] => foo, 11, 79 
[foo, 15, 0] => foo, 14, 0 
[foo, 15, 5] => foo, 14, 4 
[foo, 15, 7] => foo, 14, 6 
[foo, 15, 20] => foo, 14, 19 
[foo, 15, 49] => foo, 14, 48 
[foo, 15, 50] => foo, 14, 49 
[foo, 15, 80] => foo, 14, 79 
[+5 Dexterity Vest, -1, 0] => +5 Dexterity Vest, -2, 0 
[+5 Dexterity Vest, -1, 5] => +5 Dexterity Vest, -2, 3 
[+5 Dexterity Vest, -1, 7] => +5 Dexterity Vest, -2, 5 
[+5 Dexterity Vest, -1, 20] => +5 Dexterity Vest, -2, 18 
[+5 Dexterity Vest, -1, 49] => +5 Dexterity Vest, -2, 47 
[+5 Dexterity Vest, -1, 50] => +5 Dexterity Vest, -2, 48 
[+5 Dexterity Vest, -1, 80] => +5 Dexterity Vest, -2, 78 
[+5 Dexterity Vest, 0, 0] => +5 Dexterity Vest, -1, 0 
[+5 Dexterity Vest, 0, 5] => +5 Dexterity Vest, -1, 3 
[+5 Dexterity Vest, 0, 7] => +5 Dexterity Vest, -1, 5 
[+5 Dexterity Vest, 0, 20] => +5 Dexterity Vest, -1, 18 
[+5 Dexterity Vest, 0, 49] => +5 Dexterity Vest, -1, 47 
[+5 Dexterity Vest, 0, 50] => +5 Dexterity Vest, -1, 48 
[+5 Dexterity Vest, 0, 80] => +5 Dexterity Vest, -1, 78 
[+5 Dexterity Vest, 1, 0] => +5 Dexterity Vest, 0, 0 
[+5 Dexterity Vest, 1, 5] => +5 Dexterity Vest, 0, 4 
[+5 Dexterity Vest, 1, 7] => +5 Dexterity Vest, 0, 6 
[+5 Dexterity Vest, 1, 20] => +5 Dexterity Vest, 0, 19 
[+5 Dexterity Vest, 1, 49] => +5 Dexterity Vest, 0, 48 
[+5 Dexterity Vest, 1, 50] => +5 Dexterity Vest, 0, 49 
[+5 Dexterity Vest, 1, 80] => +5 Dexterity Vest, 0, 79 
[+5 Dexterity Vest, 2, 0] => +5 Dexterity Vest, 1, 0 
[+5 Dexterity Vest, 2, 5] => +5 Dexterity Vest, 1, 4 
[+5 Dexterity Vest, 2, 7] => +5 Dexterity Vest, 1, 6 
[+5 Dexterity Vest, 2, 20] => +5 Dexterity Vest, 1, 19 
[+5 Dexterity Vest, 2, 49] => +5 Dexterity Vest, 1, 48 
[+5 Dexterity Vest, 2, 50] => +5 Dexterity Vest, 1, 49 
[+5 Dexterity Vest, 2, 80] => +5 Dexterity Vest, 1, 79 
[+5 Dexterity Vest, 3, 0] => +5 Dexterity Vest, 2, 0 
[+5 Dexterity Vest, 3, 5] => +5 Dexterity Vest, 2, 4 
[+5 Dexterity Vest, 3, 7] => +5 Dexterity Vest, 2, 6 
[+5 Dexterity Vest, 3, 20] => +5 Dexterity Vest, 2, 19 
[+5 Dexterity Vest, 3, 49] => +5 Dexterity Vest, 2, 48 
[+5 Dexterity Vest, 3, 50] => +5 Dexterity Vest, 2, 49 
[+5 Dexterity Vest, 3, 80] => +5 Dexterity Vest, 2, 79 
[+5 Dexterity Vest, 5, 0] => +5 Dexterity Vest, 4, 0 
[+5 Dexterity Vest, 5, 5] => +5 Dexterity Vest, 4, 4 
[+5 Dexterity Vest, 5, 7] => +5 Dexterity Vest, 4, 6 
[+5 Dexterity Vest, 5, 20] => +5 Dexterity Vest, 4, 19 
[+5 Dexterity Vest, 5, 49] => +5 Dexterity Vest, 4, 48 
[+5 Dexterity Vest, 5, 50] => +5 Dexterity Vest, 4, 49 
[+5 Dexterity Vest, 5, 80] => +5 Dexterity Vest, 4, 79 
[+5 Dexterity Vest, 6, 0] => +5 Dexterity Vest, 5, 0 
[+5 Dexterity Vest, 6, 5] => +5 Dexterity Vest, 5, 4 
[+5 Dexterity Vest, 6, 7] => +5 Dexterity Vest, 5, 6 
[+5 Dexterity Vest, 6, 20] => +5 Dexterity Vest, 5, 19 
[+5 Dexterity Vest, 6, 49] => +5 Dexterity Vest, 5, 48 
[+5 Dexterity Vest, 6, 50] => +5 Dexterity Vest, 5, 49 
[+5 Dexterity Vest, 6, 80] => +5 Dexterity Vest, 5, 79 
[+5 Dexterity Vest, 9, 0] => +5 Dexterity Vest, 8, 0 
[+5 Dexterity Vest, 9, 5] => +5 Dexterity Vest, 8, 4 
[+5 Dexterity Vest, 9, 7] => +5 Dexterity Vest, 8, 6 
[+5 Dexterity Vest, 9, 20] => +5 Dexterity Vest, 8, 19 
[+5 Dexterity Vest, 9, 49] => +5 Dexterity Vest, 8, 48 
[+5 Dexterity Vest, 9, 50] => +5 Dexterity Vest, 8, 49 
[+5 Dexterity Vest, 9, 80] => +5 Dexterity Vest, 8, 79 
[+5 Dexterity Vest, 10, 0] => +5 Dexterity Vest, 9, 0 
[+5 Dexterity Vest, 10, 5] => +5 Dexterity Vest, 9, 4 
[+5 Dexterity Vest, 10, 7] => +5 Dexterity Vest, 9, 6 
[+5 Dexterity Vest, 10, 20] => +5 Dexterity Vest, 9, 19 
[+5 Dexterity Vest, 10, 49] => +5 Dexterity Vest, 9, 48 
[+5 Dexterity Vest, 10, 50] => +5 Dexterity Vest, 9, 49 
[+5 Dexterity Vest, 10, 80] => +5 Dexterity Vest, 9, 79 
[+5 Dexterity Vest, 11, 0] => +5 Dexterity Vest, 10, 0 
[+5 Dexterity Vest, 11, 5] => +5 Dexterity Vest, 10, 4 
[+5 Dexterity Vest, 11, 7] => +5 Dexterity Vest, 10, 6 
[+5 Dexterity Vest, 11, 20] => +5 Dexterity Vest, 10, 19 
[+5 Dexterity Vest, 11, 49] => +5 Dexterity Vest, 10, 48 
[+5 Dexterity Vest, 11, 50] => +5 Dexterity Vest, 10, 49 
[+5 Dexterity Vest, 11, 80] => +5 Dexterity Vest, 10, 79 
[+5 Dexterity Vest, 12, 0] => +5 Dexterity Vest, 11, 0 
[+5 Dexterity Vest, 12, 5] => +5 Dexterity Vest, 11, 4 
[+5 Dexterity Vest, 12, 7] => +5 Dexterity Vest, 11, 6 
[+5 Dexterity Vest, 12, 20] => +5 Dexterity Vest, 11, 19 
[+5 Dexterity Vest, 12, 49] => +5 Dexterity Vest, 11, 48 
[+5 Dexterity Vest, 12, 50] => +5 Dexterity Vest, 11, 49 
[+5 Dexterity Vest, 12, 80] => +5 Dexterity Vest, 11, 79 
[+5 Dexterity Vest, 15, 0] => +5 Dexterity Vest, 14, 0 
[+5 Dexterity Vest, 15, 5] => +5 Dexterity Vest, 14, 4 
[+5 Dexterity Vest, 15, 7] => +5 Dexterity Vest, 14, 6 
[+5 Dexterity Vest, 15, 20] => +5 Dexterity Vest, 14, 19 
[+5 Dexterity Vest, 15, 49] => +5 Dexterity Vest, 14, 48 
[+5 Dexterity Vest, 15, 50] => +5 Dexterity Vest, 14, 49 
[+5 Dexterity Vest, 15, 80] => +5 Dexterity Vest, 14, 79 
[Aged Brie, -1, 0] => Aged Brie, -2, 2 
[Aged Brie, -1, 5] => Aged Brie, -2, 7 
[Aged Brie, -1, 7] => Aged Brie, -2, 9 
[Aged Brie, -1, 20] => Aged Brie, -2, 22 
[Aged Brie, -1, 49] => Aged Brie, -2, 50 
[Aged Brie, -1, 50] => Aged Brie, -2, 50 
[Aged Brie, -1, 80] => Aged Brie, -2, 80 
[Aged Brie, 0, 0] => Aged Brie, -1, 2 
[Aged Brie, 0, 5] => Aged Brie, -1, 7 
[Aged Brie, 0, 7] => Aged Brie, -1, 9 
[Aged Brie, 0, 20] => Aged Brie, -1, 22 
[Aged Brie, 0, 49] => Aged Brie, -1, 50 
[Aged Brie, 0, 50] => Aged Brie, -1, 50 
[Aged Brie, 0, 80] => Aged Brie, -1, 80 
[Aged Brie, 1, 0] => Aged Brie, 0, 1 
[Aged Brie, 1, 5] => Aged Brie, 0, 6 
[Aged Brie, 1, 7] => Aged Brie, 0, 8 
[Aged Brie, 1, 20] => Aged Brie, 0, 21 
[Aged Brie, 1, 49] => Aged Brie, 0, 50 
[Aged Brie, 1, 50] => Aged Brie, 0, 50 
[Aged Brie, 1, 80] => Aged Brie, 0, 80 
[Aged Brie, 2, 0] => Aged Brie, 1, 1 
[Aged Brie, 2, 5] => Aged Brie, 1, 6 
[Aged Brie, 2, 7] => Aged Brie, 1, 8 
[Aged Brie, 2, 20] => Aged Brie, 1, 21 
[Aged Brie, 2, 49] => Aged Brie, 1, 50 
[Aged Brie, 2, 50] => Aged Brie, 1, 50 
[Aged Brie, 2, 80] => Aged Brie, 1, 80 
[Aged Brie, 3, 0] => Aged Brie, 2, 1 
[Aged Brie, 3, 5] => Aged Brie, 2, 6 
[Aged Brie, 3, 7] => Aged Brie, 2, 8 
[Aged Brie, 3, 20] => Aged Brie, 2, 21 
[Aged Brie, 3, 49] => Aged Brie, 2, 50 
[Aged Brie, 3, 50] => Aged Brie, 2, 50 
[Aged Brie, 3, 80] => Aged Brie, 2, 80 
[Aged Brie, 5, 0] => Aged Brie, 4, 1 
[Aged Brie, 5, 5] => Aged Brie, 4, 6 
[Aged Brie, 5, 7] => Aged Brie, 4, 8 
[Aged Brie, 5, 20] => Aged Brie, 4, 21 
[Aged Brie, 5, 49] => Aged Brie, 4, 50 
[Aged Brie, 5, 50] => Aged Brie, 4, 50 
[Aged Brie, 5, 80] => Aged Brie, 4, 80 
[Aged Brie, 6, 0] => Aged Brie, 5, 1 
[Aged Brie, 6, 5] => Aged Brie, 5, 6 
[Aged Brie, 6, 7] => Aged Brie, 5, 8 
[Aged Brie, 6, 20] => Aged Brie, 5, 21 
[Aged Brie, 6, 49] => Aged Brie, 5, 50 
[Aged Brie, 6, 50] => Aged Brie, 5, 50 
[Aged Brie, 6, 80] => Aged Brie, 5, 80 
[Aged Brie, 9, 0] => Aged Brie, 8, 1 
[Aged Brie, 9, 5] => Aged Brie, 8, 6 
[Aged Brie, 9, 7] => Aged Brie, 8, 8 
[Aged Brie, 9, 20] => Aged Brie, 8, 21 
[Aged Brie, 9, 49] => Aged Brie, 8, 50 
[Aged Brie, 9, 50] => Aged Brie, 8, 50 
[Aged Brie, 9, 80] => Aged Brie, 8, 80 
[Aged Brie, 10, 0] => Aged Brie, 9, 1 
[Aged Brie, 10, 5] => Aged Brie, 9, 6 
[Aged Brie, 10, 7] => Aged Brie, 9, 8 
[Aged Brie, 10, 20] => Aged Brie, 9, 21 
[Aged Brie, 10, 49] => Aged Brie, 9, 50 
[Aged Brie, 10, 50] => Aged Brie, 9, 50 
[Aged Brie, 10, 80] => Aged Brie, 9, 80 
[Aged Brie, 11, 0] => Aged Brie, 10, 1 
[Aged Brie, 11, 5] => Aged Brie, 10, 6 
[Aged Brie, 11, 7] => Aged Brie, 10, 8 
[Aged Brie, 11, 20] => Aged Brie, 10, 21 
[Aged Brie, 11, 49] => Aged Brie, 10, 50 
[Aged Brie, 11, 50] => Aged Brie, 10, 50 
[Aged Brie, 11, 80] => Aged Brie, 10, 80 
[Aged Brie, 12, 0] => Aged Brie, 11, 1 
[Aged Brie, 12, 5] => Aged Brie, 11, 6 
[Aged Brie, 12, 7] => Aged Brie, 11, 8 
[Aged Brie, 12, 20] => Aged Brie, 11, 21 
[Aged Brie, 12, 49] => Aged Brie, 11, 50 
[Aged Brie, 12, 50] => Aged Brie, 11, 50 
[Aged Brie, 12, 80] => Aged Brie, 11, 80 
[Aged Brie, 15, 0] => Aged Brie, 14, 1 
[Aged Brie, 15, 5] => Aged Brie, 14, 6 
[Aged Brie, 15, 7] => Aged Brie, 14, 8 
[Aged Brie, 15, 20] => Aged Brie, 14, 21 
[Aged Brie, 15, 49] => Aged Brie, 14, 50 
[Aged Brie, 15, 50] => Aged Brie, 14, 50 
[Aged Brie, 15, 80] => Aged Brie, 14, 80 
[Elixir of the Mongoose, -1, 0] => Elixir of the Mongoose, -2, 0 
[Elixir of the Mongoose, -1, 5] => Elixir of the Mongoose, -2, 3 
[Elixir of the Mongoose, -1, 7] => Elixir of the Mongoose, -2, 5 
[Elixir of the Mongoose, -1, 20] => Elixir of the Mongoose, -2, 18 
[Elixir of the Mongoose, -1, 49] => Elixir of the Mongoose, -2, 47 
[Elixir of the Mongoose, -1, 50] => Elixir of the Mongoose, -2, 48 
[Elixir of the Mongoose, -1, 80] => Elixir of the Mongoose, -2, 78 
[Elixir of the Mongoose, 0, 0] => Elixir of the Mongoose, -1, 0 
[Elixir of the Mongoose, 0, 5] => Elixir of the Mongoose, -1, 3 
[Elixir of the Mongoose, 0, 7] => Elixir of the Mongoose, -1, 5 
[Elixir of the Mongoose, 0, 20] => Elixir of the Mongoose, -1, 18 
[Elixir of the Mongoose, 0, 49] => Elixir of the Mongoose, -1, 47 
[Elixir of the Mongoose, 0, 50] => Elixir of the Mongoose, -1, 48 
[Elixir of the Mongoose, 0, 80] => Elixir of the Mongoose, -1, 78 
[Elixir of the Mongoose, 1, 0] => Elixir of the Mongoose, 0, 0 
[Elixir of the Mongoose, 1, 5] => Elixir of the Mongoose, 0, 4 
[Elixir of the Mongoose, 1, 7] => Elixir of the Mongoose, 0, 6 
[Elixir of the Mongoose, 1, 20] => Elixir of the Mongoose, 0, 19 
[Elixir of the Mongoose, 1, 49] => Elixir of the Mongoose, 0, 48 
[Elixir of the Mongoose, 1, 50] => Elixir of the Mongoose, 0, 49 
[Elixir of the Mongoose, 1, 80] => Elixir of the Mongoose, 0, 79 
[Elixir of the Mongoose, 2, 0] => Elixir of the Mongoose, 1, 0 
[Elixir of the Mongoose, 2, 5] => Elixir of the Mongoose, 1, 4 
[Elixir of the Mongoose, 2, 7] => Elixir of the Mongoose, 1, 6 
[Elixir of the Mongoose, 2, 20] => Elixir of the Mongoose, 1, 19 
[Elixir of the Mongoose, 2, 49] => Elixir of the Mongoose, 1, 48 
[Elixir of the Mongoose, 2, 50] => Elixir of the Mongoose, 1, 49 
[Elixir of the Mongoose, 2, 80] => Elixir of the Mongoose, 1, 79 
[Elixir of the Mongoose, 3, 0] => Elixir of the Mongoose, 2, 0 
[Elixir of the Mongoose, 3, 5] => Elixir of the Mongoose, 2, 4 
[Elixir of the Mongoose, 3, 7] => Elixir of the Mongoose, 2, 6 
[Elixir of the Mongoose, 3, 20] => Elixir of the Mongoose, 2, 19 
[Elixir of the Mongoose, 3, 49] => Elixir of the Mongoose, 2, 48 
[Elixir of the Mongoose, 3, 50] => Elixir of the Mongoose, 2, 49 
[Elixir of the Mongoose, 3, 80] => Elixir of the Mongoose, 2, 79 
[Elixir of the Mongoose, 5, 0] => Elixir of the Mongoose, 4, 0 
[Elixir of the Mongoose, 5, 5] => Elixir of the Mongoose, 4, 4 
[Elixir of the Mongoose, 5, 7] => Elixir of the Mongoose, 4, 6 
[Elixir of the Mongoose, 5, 20] => Elixir of the Mongoose, 4, 19 
[Elixir of the Mongoose, 5, 49] => Elixir of the Mongoose, 4, 48 
[Elixir of the Mongoose, 5, 50] => Elixir of the Mongoose, 4, 49 
[Elixir of the Mongoose, 5, 80] => Elixir of the Mongoose, 4, 79 
[Elixir of the Mongoose, 6, 0] => Elixir of the Mongoose, 5, 0 
[Elixir of the Mongoose, 6, 5] => Elixir of the Mongoose, 5, 4 
[Elixir of the Mongoose, 6, 7] => Elixir of the Mongoose, 5, 6 
[Elixir of the Mongoose, 6, 20] => Elixir of the Mongoose, 5, 19 
[Elixir of the Mongoose, 6, 49] => Elixir of the Mongoose, 5, 48 
[Elixir of the Mongoose, 6, 50] => Elixir of the Mongoose, 5, 49 
[Elixir of the Mongoose, 6, 80] => Elixir of the Mongoose, 5, 79 
[Elixir of the Mongoose, 9, 0] => Elixir of the Mongoose, 8, 0 
[Elixir of the Mongoose, 9, 5] => Elixir of the Mongoose, 8, 4 
[Elixir of the Mongoose, 9, 7] => Elixir of the Mongoose, 8, 6 
[Elixir of the Mongoose, 9, 20] => Elixir of the Mongoose, 8, 19 
[Elixir of the Mongoose, 9, 49] => Elixir of the Mongoose, 8, 48 
[Elixir of the Mongoose, 9, 50] => Elixir of the Mongoose, 8, 49 
[Elixir of the Mongoose, 9, 80] => Elixir of the Mongoose, 8, 79 
[Elixir of the Mongoose, 10, 0] => Elixir of the Mongoose, 9, 0 
[Elixir of the Mongoose, 10, 5] => Elixir of the Mongoose, 9, 4 
[Elixir of the Mongoose, 10, 7] => Elixir of the Mongoose, 9, 6 
[Elixir of the Mongoose, 10, 20] => Elixir of the Mongoose, 9, 19 
[Elixir of the Mongoose, 10, 49] => Elixir of the Mongoose, 9, 48 
[Elixir of the Mongoose, 10, 50] => Elixir of the Mongoose, 9, 49 
[Elixir of the Mongoose, 10, 80] => Elixir of the Mongoose, 9, 79 
[Elixir of the Mongoose, 11, 0] => Elixir of the Mongoose, 10, 0 
[Elixir of the Mongoose, 11, 5] => Elixir of the Mongoose, 10, 4 
[Elixir of the Mongoose, 11, 7] => Elixir of the Mongoose, 10, 6 
[Elixir of the Mongoose, 11, 20] => Elixir of the Mongoose, 10, 19 
[Elixir of the Mongoose, 11, 49] => Elixir of the Mongoose, 10, 48 
[Elixir of the Mongoose, 11, 50] => Elixir of the Mongoose, 10, 49 
[Elixir of the Mongoose, 11, 80] => Elixir of the Mongoose, 10, 79 
[Elixir of the Mongoose, 12, 0] => Elixir of the Mongoose, 11, 0 
[Elixir of the Mongoose, 12, 5] => Elixir of the Mongoose, 11, 4 
[Elixir of the Mongoose, 12, 7] => Elixir of the Mongoose, 11, 6 
[Elixir of the Mongoose, 12, 20] => Elixir of the Mongoose, 11, 19 
[Elixir of the Mongoose, 12, 49] => Elixir of the Mongoose, 11, 48 
[Elixir of the Mongoose, 12, 50] => Elixir of the Mongoose, 11, 49 
[Elixir of the Mongoose, 12, 80] => Elixir of the Mongoose, 11, 79 
[Elixir of the Mongoose, 15, 0] => Elixir of the Mongoose, 14, 0 
[Elixir of the Mongoose, 15, 5] => Elixir of the Mongoose, 14, 4 
[Elixir of the Mongoose, 15, 7] => Elixir of the Mongoose, 14, 6 
[Elixir of the Mongoose, 15, 20] => Elixir of the Mongoose, 14, 19 
[Elixir of the Mongoose, 15, 49] => Elixir of the Mongoose, 14, 48 
[Elixir of the Mongoose, 15, 50] => Elixir of the Mongoose, 14, 49 
[Elixir of the Mongoose, 15, 80] => Elixir of the Mongoose, 14, 79 
[Conjured Mana Cake, -1, 0] => Conjured Mana Cake, -2, 0 
[Conjured Mana Cake, -1, 5] => Conjured Mana Cake, -2, 3 
[Conjured Mana Cake, -1, 7] => Conjured Mana Cake, -2, 5 
[Conjured Mana Cake, -1, 20] => Conjured Mana Cake, -2, 18 
[Conjured Mana Cake, -1, 49] => Conjured Mana Cake, -2, 47 
[Conjured Mana Cake, -1, 50] => Conjured Mana Cake, -2, 48 
[Conjured Mana Cake, -1, 80] => Conjured Mana Cake, -2, 78 
[Conjured Mana Cake, 0, 0] => Conjured Mana Cake, -1, 0 
[Conjured Mana Cake, 0, 5] => Conjured Mana Cake, -1, 3 
[Conjured Mana Cake, 0, 7] => Conjured Mana Cake, -1, 5 
[Conjured Mana Cake, 0, 20] => Conjured Mana Cake, -1, 18 
[Conjured Mana Cake, 0, 49] => Conjured Mana Cake, -1, 47 
[Conjured Mana Cake, 0, 50] => Conjured Mana Cake, -1, 48 
[Conjured Mana Cake, 0, 80] => Conjured Mana Cake, -1, 78 
[Conjured Mana Cake, 1, 0] => Conjured Mana Cake, 0, 0 
[Conjured Mana Cake, 1, 5] => Conjured Mana Cake, 0, 4 
[Conjured Mana Cake, 1, 7] => Conjured Mana Cake, 0, 6 
[Conjured Mana Cake, 1, 20] => Conjured Mana Cake, 0, 19 
[Conjured Mana Cake, 1, 49] => Conjured Mana Cake, 0, 48 
[Conjured Mana Cake, 1, 50] => Conjured Mana Cake, 0, 49 
[Conjured Mana Cake, 1, 80] => Conjured Mana Cake, 0, 79 
[Conjured Mana Cake, 2, 0] => Conjured Mana Cake, 1, 0 
[Conjured Mana Cake, 2, 5] => Conjured Mana Cake, 1, 4 
[Conjured Mana Cake, 2, 7] => Conjured Mana Cake, 1, 6 
[Conjured Mana Cake, 2, 20] => Conjured Mana Cake, 1, 19 
[Conjured Mana Cake, 2, 49] => Conjured Mana Cake, 1, 48 
[Conjured Mana Cake, 2, 50] => Conjured Mana Cake, 1, 49 
[Conjured Mana Cake, 2, 80] => Conjured Mana Cake, 1, 79 
[Conjured Mana Cake, 3, 0] => Conjured Mana Cake, 2, 0 
[Conjured Mana Cake, 3, 5] => Conjured Mana Cake, 2, 4 
[Conjured Mana Cake, 3, 7] => Conjured Mana Cake, 2, 6 
[Conjured Mana Cake, 3, 20] => Conjured Mana Cake, 2, 19 
[Conjured Mana Cake, 3, 49] => Conjured Mana Cake, 2, 48 
[Conjured Mana Cake, 3, 50] => Conjured Mana Cake, 2, 49 
[Conjured Mana Cake, 3, 80] => Conjured Mana Cake, 2, 79 
[Conjured Mana Cake, 5, 0] => Conjured Mana Cake, 4, 0 
[Conjured Mana Cake, 5, 5] => Conjured Mana Cake, 4, 4 
[Conjured Mana Cake, 5, 7] => Conjured Mana Cake, 4, 6 
[Conjured Mana Cake, 5, 20] => Conjured Mana Cake, 4, 19 
[Conjured Mana Cake, 5, 49] => Conjured Mana Cake, 4, 48 
[Conjured Mana Cake, 5, 50] => Conjured Mana Cake, 4, 49 
[Conjured Mana Cake, 5, 80] => Conjured Mana Cake, 4, 79 
[Conjured Mana Cake, 6, 0] => Conjured Mana Cake, 5, 0 
[Conjured Mana Cake, 6, 5] => Conjured Mana Cake, 5, 4 
[Conjured Mana Cake, 6, 7] => Conjured Mana Cake, 5, 6 
[Conjured Mana Cake, 6, 20] => Conjured Mana Cake, 5, 19 
[Conjured Mana Cake, 6, 49] => Conjured Mana Cake, 5, 48 
[Conjured Mana Cake, 6, 50] => Conjured Mana Cake, 5, 49 
[Conjured Mana Cake, 6, 80] => Conjured Mana Cake, 5, 79 
[Conjured Mana Cake, 9, 0] => Conjured Mana Cake, 8, 0 
[Conjured Mana Cake, 9, 5] => Conjured Mana Cake, 8, 4 
[Conjured Mana Cake, 9, 7] => Conjured Mana Cake, 8, 6 
[Conjured Mana Cake, 9, 20] => Conjured Mana Cake, 8, 19 
[Conjured Mana Cake, 9, 49] => Conjured Mana Cake, 8, 48 
[Conjured Mana Cake, 9, 50] => Conjured Mana Cake, 8, 49 
[Conjured Mana Cake, 9, 80] => Conjured Mana Cake, 8, 79 
[Conjured Mana Cake, 10, 0] => Conjured Mana Cake, 9, 0 
[Conjured Mana Cake, 10, 5] => Conjured Mana Cake, 9, 4 
[Conjured Mana Cake, 10, 7] => Conjured Mana Cake, 9, 6 
[Conjured Mana Cake, 10, 20] => Conjured Mana Cake, 9, 19 
[Conjured Mana Cake, 10, 49] => Conjured Mana Cake, 9, 48 
[Conjured Mana Cake, 10, 50] => Conjured Mana Cake, 9, 49 
[Conjured Mana Cake, 10, 80] => Conjured Mana Cake, 9, 79 
[Conjured Mana Cake, 11, 0] => Conjured Mana Cake, 10, 0 
[Conjured Mana Cake, 11, 5] => Conjured Mana Cake, 10, 4 
[Conjured Mana Cake, 11, 7] => Conjured Mana Cake, 10, 6 
[Conjured Mana Cake, 11, 20] => Conjured Mana Cake, 10, 19 
[Conjured Mana Cake, 11, 49] => Conjured Mana Cake, 10, 48 
[Conjured Mana Cake, 11, 50] => Conjured Mana Cake, 10, 49 
[Conjured Mana Cake, 11, 80] => Conjured Mana Cake, 10, 79 
[Conjured Mana Cake, 12, 0] => Conjured Mana Cake, 11, 0 
[Conjured Mana Cake, 12, 5] => Conjured Mana Cake, 11, 4 
[Conjured Mana Cake, 12, 7] => Conjured Mana Cake, 11, 6 
[Conjured Mana Cake, 12, 20] => Conjured Mana Cake, 11, 19 
[Conjured Mana Cake, 12, 49] => Conjured Mana Cake, 11, 48 
[Conjured Mana Cake, 12, 50] => Conjured Mana Cake, 11, 49 
[Conjured Mana Cake, 12, 80] => Conjured Mana Cake, 11, 79 
[Conjured Mana Cake, 15, 0] => Conjured Mana Cake, 14, 0 
[Conjured Mana Cake, 15, 5] => Conjured Mana Cake, 14, 4 
[Conjured Mana Cake, 15, 7] => Conjured Mana Cake, 14, 6 
[Conjured Mana Cake, 15, 20] => Conjured Mana Cake, 14, 19 
[Conjured Mana Cake, 15, 49] => Conjured Mana Cake, 14, 48 
[Conjured Mana Cake, 15, 50] => Conjured Mana Cake, 14, 49 
[Conjured Mana Cake, 15, 80] => Conjured Mana Cake, 14, 79 
[Sulfuras, Hand of Ragnaros, -1, 0] => Sulfuras, Hand of Ragnaros, -1, 0 
[Sulfuras, Hand of Ragnaros, -1, 5] => Sulfuras, Hand of Ragnaros, -1, 5 
[Sulfuras, Hand of Ragnaros, -1, 7] => Sulfuras, Hand of Ragnaros, -1, 7 
[Sulfuras, Hand of Ragnaros, -1, 20] => Sulfuras, Hand of Ragnaros, -1, 20 
[Sulfuras, Hand of Ragnaros, -1, 49] => Sulfuras, Hand of Ragnaros, -1, 49 
[Sulfuras, Hand of Ragnaros, -1, 50] => Sulfuras, Hand of Ragnaros, -1, 50 
[Sulfuras, Hand of Ragnaros, -1, 80] => Sulfuras, Hand of Ragnaros, -1, 80 
[Sulfuras, Hand of Ragnaros, 0, 0] => Sulfuras, Hand of Ragnaros, 0, 0 
[Sulfuras, Hand of Ragnaros, 0, 5] => Sulfuras, Hand of Ragnaros, 0, 5 
[Sulfuras, Hand of Ragnaros, 0, 7] => Sulfuras, Hand of Ragnaros, 0, 7 
[Sulfuras, Hand of Ragnaros, 0, 20] => Sulfuras, Hand of Ragnaros, 0, 20 
[Sulfuras, Hand of Ragnaros, 0, 49] => Sulfuras, Hand of Ragnaros, 0, 49 
[Sulfuras, Hand of Ragnaros, 0, 50] => Sulfuras, Hand of Ragnaros, 0, 50 
[Sulfuras, Hand of Ragnaros, 0, 80] => Sulfuras, Hand of Ragnaros, 0, 80 
[Sulfuras, Hand of Ragnaros, 1, 0] => Sulfuras, Hand of Ragnaros, 1, 0 
[Sulfuras, Hand of Ragnaros, 1, 5] => Sulfuras, Hand of Ragnaros, 1, 5 
[Sulfuras, Hand of Ragnaros, 1, 7] => Sulfuras, Hand of Ragnaros, 1, 7 
[Sulfuras, Hand of Ragnaros, 1, 20] => Sulfuras, Hand of Ragnaros, 1, 20 
[Sulfuras, Hand of Ragnaros, 1, 49] => Sulfuras, Hand of Ragnaros, 1, 49 
[Sulfuras, Hand of Ragnaros, 1, 50] => Sulfuras, Hand of Ragnaros, 1, 50 
[Sulfuras, Hand of Ragnaros, 1, 80] => Sulfuras, Hand of Ragnaros, 1, 80 
[Sulfuras, Hand of Ragnaros, 2, 0] => Sulfuras, Hand of Ragnaros, 2, 0 
[Sulfuras, Hand of Ragnaros, 2, 5] => Sulfuras, Hand of Ragnaros, 2, 5 
[Sulfuras, Hand of Ragnaros, 2, 7] => Sulfuras, Hand of Ragnaros, 2, 7 
[Sulfuras, Hand of Ragnaros, 2, 20] => Sulfuras, Hand of Ragnaros, 2, 20 
[Sulfuras, Hand of Ragnaros, 2, 49] => Sulfuras, Hand of Ragnaros, 2, 49 
[Sulfuras, Hand of Ragnaros, 2, 50] => Sulfuras, Hand of Ragnaros, 2, 50 
[Sulfuras, Hand of Ragnaros, 2, 80] => Sulfuras, Hand of Ragnaros, 2, 80 
[Sulfuras, Hand of Ragnaros, 3, 0] => Sulfuras, Hand of Ragnaros, 3, 0 
[Sulfuras, Hand of Ragnaros, 3, 5] => Sulfuras, Hand of Ragnaros, 3, 5 
[Sulfuras, Hand of Ragnaros, 3, 7] => Sulfuras, Hand of Ragnaros, 3, 7 
[Sulfuras, Hand of Ragnaros, 3, 20] => Sulfuras, Hand of Ragnaros, 3, 20 
[Sulfuras, Hand of Ragnaros, 3, 49] => Sulfuras, Hand of Ragnaros, 3, 49 
[Sulfuras, Hand of Ragnaros, 3, 50] => Sulfuras, Hand of Ragnaros, 3, 50 
[Sulfuras, Hand of Ragnaros, 3, 80] => Sulfuras, Hand of Ragnaros, 3, 80 
[Sulfuras, Hand of Ragnaros, 5, 0] => Sulfuras, Hand of Ragnaros, 5, 0 
[Sulfuras, Hand of Ragnaros, 5, 5] => Sulfuras, Hand of Ragnaros, 5, 5 
[Sulfuras, Hand of Ragnaros, 5, 7] => Sulfuras, Hand of Ragnaros, 5, 7 
[Sulfuras, Hand of Ragnaros, 5, 20] => Sulfuras, Hand of Ragnaros, 5, 20 
[Sulfuras, Hand of Ragnaros, 5, 49] => Sulfuras, Hand of Ragnaros, 5, 49 
[Sulfuras, Hand of Ragnaros, 5, 50] => Sulfuras, Hand of Ragnaros, 5, 50 
[Sulfuras, Hand of Ragnaros, 5, 80] => Sulfuras, Hand of Ragnaros, 5, 80 
[Sulfuras, Hand of Ragnaros, 6, 0] => Sulfuras, Hand of Ragnaros, 6, 0 
[Sulfuras, Hand of Ragnaros, 6, 5] => Sulfuras, Hand of Ragnaros, 6, 5 
[Sulfuras, Hand of Ragnaros, 6, 7] => Sulfuras, Hand of Ragnaros, 6, 7 
[Sulfuras, Hand of Ragnaros, 6, 20] => Sulfuras, Hand of Ragnaros, 6, 20 
[Sulfuras, Hand of Ragnaros, 6, 49] => Sulfuras, Hand of Ragnaros, 6, 49 
[Sulfuras, Hand of Ragnaros, 6, 50] => Sulfuras, Hand of Ragnaros, 6, 50 
[Sulfuras, Hand of Ragnaros, 6, 80] => Sulfuras, Hand of Ragnaros, 6, 80 
[Sulfuras, Hand of Ragnaros, 9, 0] => Sulfuras, Hand of Ragnaros, 9, 0 
[Sulfuras, Hand of Ragnaros, 9, 5] => Sulfuras, Hand of Ragnaros, 9, 5 
[Sulfuras, Hand of Ragnaros, 9, 7] => Sulfuras, Hand of Ragnaros, 9, 7 
[Sulfuras, Hand of Ragnaros, 9, 20] => Sulfuras, Hand of Ragnaros, 9, 20 
[Sulfuras, Hand of Ragnaros, 9, 49] => Sulfuras, Hand of Ragnaros, 9, 49 
[Sulfuras, Hand of Ragnaros, 9, 50] => Sulfuras, Hand of Ragnaros, 9, 50 
[Sulfuras, Hand of Ragnaros, 9, 80] => Sulfuras, Hand of Ragnaros, 9, 80 
[Sulfuras, Hand of Ragnaros, 10, 0] => Sulfuras, Hand of Ragnaros, 10, 0 
[Sulfuras, Hand of Ragnaros, 10, 5] => Sulfuras, Hand of Ragnaros, 10, 5 
[Sulfuras, Hand of Ragnaros, 10, 7] => Sulfuras, Hand of Ragnaros, 10, 7 
[Sulfuras, Hand of Ragnaros, 10, 20] => Sulfuras, Hand of Ragnaros, 10, 20 
[Sulfuras, Hand of Ragnaros, 10, 49] => Sulfuras, Hand of Ragnaros, 10, 49 
[Sulfuras, Hand of Ragnaros, 10, 50] => Sulfuras, Hand of Ragnaros, 10, 50 
[Sulfuras, Hand of Ragnaros, 10, 80] => Sulfuras, Hand of Ragnaros, 10, 80 
[Sulfuras, Hand of Ragnaros, 11, 0] => Sulfuras, Hand of Ragnaros, 11, 0 
[Sulfuras, Hand of Ragnaros, 11, 5] => Sulfuras, Hand of Ragnaros, 11, 5 
[Sulfuras, Hand of Ragnaros, 11, 7] => Sulfuras, Hand of Ragnaros, 11, 7 
[Sulfuras, Hand of Ragnaros, 11, 20] => Sulfuras, Hand of Ragnaros, 11, 20 
[Sulfuras, Hand of Ragnaros, 11, 49] => Sulfuras, Hand of Ragnaros, 11, 49 
[Sulfuras, Hand of Ragnaros, 11, 50] => Sulfuras, Hand of Ragnaros, 11, 50 
[Sulfuras, Hand of Ragnaros, 11, 80] => Sulfuras, Hand of Ragnaros, 11, 80 
[Sulfuras, Hand of Ragnaros, 12, 0] => Sulfuras, Hand of Ragnaros, 12, 0 
[Sulfuras, Hand of Ragnaros, 12, 5] => Sulfuras, Hand of Ragnaros, 12, 5 
[Sulfuras, Hand of Ragnaros, 12, 7] => Sulfuras, Hand of Ragnaros, 12, 7 
[Sulfuras, Hand of Ragnaros, 12, 20] => Sulfuras, Hand of Ragnaros, 12, 20 
[Sulfuras, Hand of Ragnaros, 12, 49] => Sulfuras, Hand of Ragnaros, 12, 49 
[Sulfuras, Hand of Ragnaros, 12, 50] => Sulfuras, Hand of Ragnaros, 12, 50 
[Sulfuras, Hand of Ragnaros, 12, 80] => Sulfuras, Hand of Ragnaros, 12, 80 
[Sulfuras, Hand of Ragnaros, 15, 0] => Sulfuras, Hand of Ragnaros, 15, 0 
[Sulfuras, Hand of Ragnaros, 15, 5] => Sulfuras, Hand of Ragnaros, 15, 5 
[Sulfuras, Hand of Ragnaros, 15, 7] => Sulfuras, Hand of Ragnaros, 15, 7 
[Sulfuras, Hand of Ragnaros, 15, 20] => Sulfuras, Hand of Ragnaros, 15, 20 
[Sulfuras, Hand of Ragnaros, 15, 49] => Sulfuras, Hand of Ragnaros, 15, 49 
[Sulfuras, Hand of Ragnaros, 15, 50] => Sulfuras, Hand of Ragnaros, 15, 50 
[Sulfuras, Hand of Ragnaros, 15, 80] => Sulfuras, Hand of Ragnaros, 15, 80 
[Backstage passes to a TAFKAL80ETC concert, -1, 0] => Backstage passes to a TAFKAL80ETC concert, -2, 0 
[Backstage passes to a TAFKAL80ETC concert, -1, 5] => Backstage passes to a TAFKAL80ETC concert, -2, 0 
[Backstage passes to a TAFKAL80ETC concert, -1, 7] => Backstage passes to a TAFKAL80ETC concert, -2, 0 
[Backstage passes to a TAFKAL80ETC concert, -1, 20] => Backstage passes to a TAFKAL80ETC concert, -2, 0 
[Backstage passes to a TAFKAL80ETC concert, -1, 49] => Backstage passes to a TAFKAL80ETC concert, -2, 0 
[Backstage passes to a TAFKAL80ETC concert, -1, 50] => Backstage passes to a TAFKAL80ETC concert, -2, 0 
[Backstage passes to a TAFKAL80ETC concert, -1, 80] => Backstage passes to a TAFKAL80ETC concert, -2, 0 
[Backstage passes to a TAFKAL80ETC concert, 0, 0] => Backstage passes to a TAFKAL80ETC concert, -1, 0 
[Backstage passes to a TAFKAL80ETC concert, 0, 5] => Backstage passes to a TAFKAL80ETC concert, -1, 0 
[Backstage passes to a TAFKAL80ETC concert, 0, 7] => Backstage passes to a TAFKAL80ETC concert, -1, 0 
[Backstage passes to a TAFKAL80ETC concert, 0, 20] => Backstage passes to a TAFKAL80ETC concert, -1, 0 
[Backstage passes to a TAFKAL80ETC concert, 0, 49] => Backstage passes to a TAFKAL80ETC concert, -1, 0 
[Backstage passes to a TAFKAL80ETC concert, 0, 50] => Backstage passes to a TAFKAL80ETC concert, -1, 0 
[Backstage passes to a TAFKAL80ETC concert, 0, 80] => Backstage passes to a TAFKAL80ETC concert, -1, 0 
[Backstage passes to a TAFKAL80ETC concert, 1, 0] => Backstage passes to a TAFKAL80ETC concert, 0, 3 
[Backstage passes to a TAFKAL80ETC concert, 1, 5] => Backstage passes to a TAFKAL80ETC concert, 0, 8 
[Backstage passes to a TAFKAL80ETC concert, 1, 7] => Backstage passes to a TAFKAL80ETC concert, 0, 10 
[Backstage passes to a TAFKAL80ETC concert, 1, 20] => Backstage passes to a TAFKAL80ETC concert, 0, 23 
[Backstage passes to a TAFKAL80ETC concert, 1, 49] => Backstage passes to a TAFKAL80ETC concert, 0, 50 
[Backstage passes to a TAFKAL80ETC concert, 1, 50] => Backstage passes to a TAFKAL80ETC concert, 0, 50 
[Backstage passes to a TAFKAL80ETC concert, 1, 80] => Backstage passes to a TAFKAL80ETC concert, 0, 80 
[Backstage passes to a TAFKAL80ETC concert, 2, 0] => Backstage passes to a TAFKAL80ETC concert, 1, 3 
[Backstage passes to a TAFKAL80ETC concert, 2, 5] => Backstage passes to a TAFKAL80ETC concert, 1, 8 
[Backstage passes to a TAFKAL80ETC concert, 2, 7] => Backstage passes to a TAFKAL80ETC concert, 1, 10 
[Backstage passes to a TAFKAL80ETC concert, 2, 20] => Backstage passes to a TAFKAL80ETC concert, 1, 23 
[Backstage passes to a TAFKAL80ETC concert, 2, 49] => Backstage passes to a TAFKAL80ETC concert, 1, 50 
[Backstage passes to a TAFKAL80ETC concert, 2, 50] => Backstage passes to a TAFKAL80ETC concert, 1, 50 
[Backstage passes to a TAFKAL80ETC concert, 2, 80] => Backstage passes to a TAFKAL80ETC concert, 1, 80 
[Backstage passes to a TAFKAL80ETC concert, 3, 0] => Backstage passes to a TAFKAL80ETC concert, 2, 3 
[Backstage passes to a TAFKAL80ETC concert, 3, 5] => Backstage passes to a TAFKAL80ETC concert, 2, 8 
[Backstage passes to a TAFKAL80ETC concert, 3, 7] => Backstage passes to a TAFKAL80ETC concert, 2, 10 
[Backstage passes to a TAFKAL80ETC concert, 3, 20] => Backstage passes to a TAFKAL80ETC concert, 2, 23 
[Backstage passes to a TAFKAL80ETC concert, 3, 49] => Backstage passes to a TAFKAL80ETC concert, 2, 50 
[Backstage passes to a TAFKAL80ETC concert, 3, 50] => Backstage passes to a TAFKAL80ETC concert, 2, 50 
[Backstage passes to a TAFKAL80ETC concert, 3, 80] => Backstage passes to a TAFKAL80ETC concert, 2, 80 
[Backstage passes to a TAFKAL80ETC concert, 5, 0] => Backstage passes to a TAFKAL80ETC concert, 4, 3 
[Backstage passes to a TAFKAL80ETC concert, 5, 5] => Backstage passes to a TAFKAL80ETC concert, 4, 8 
[Backstage passes to a TAFKAL80ETC concert, 5, 7] => Backstage passes to a TAFKAL80ETC concert, 4, 10 
[Backstage passes to a TAFKAL80ETC concert, 5, 20] => Backstage passes to a TAFKAL80ETC concert, 4, 23 
[Backstage passes to a TAFKAL80ETC concert, 5, 49] => Backstage passes to a TAFKAL80ETC concert, 4, 50 
[Backstage passes to a TAFKAL80ETC concert, 5, 50] => Backstage passes to a TAFKAL80ETC concert, 4, 50 
[Backstage passes to a TAFKAL80ETC concert, 5, 80] => Backstage passes to a TAFKAL80ETC concert, 4, 80 
[Backstage passes to a TAFKAL80ETC concert, 6, 0] => Backstage passes to a TAFKAL80ETC concert, 5, 2 
[Backstage passes to a TAFKAL80ETC concert, 6, 5] => Backstage passes to a TAFKAL80ETC concert, 5, 7 
[Backstage passes to a TAFKAL80ETC concert, 6, 7] => Backstage passes to a TAFKAL80ETC concert, 5, 9 
[Backstage passes to a TAFKAL80ETC concert, 6, 20] => Backstage passes to a TAFKAL80ETC concert, 5, 22 
[Backstage passes to a TAFKAL80ETC concert, 6, 49] => Backstage passes to a TAFKAL80ETC concert, 5, 50 
[Backstage passes to a TAFKAL80ETC concert, 6, 50] => Backstage passes to a TAFKAL80ETC concert, 5, 50 
[Backstage passes to a TAFKAL80ETC concert, 6, 80] => Backstage passes to a TAFKAL80ETC concert, 5, 80 
[Backstage passes to a TAFKAL80ETC concert, 9, 0] => Backstage passes to a TAFKAL80ETC concert, 8, 2 
[Backstage passes to a TAFKAL80ETC concert, 9, 5] => Backstage passes to a TAFKAL80ETC concert, 8, 7 
[Backstage passes to a TAFKAL80ETC concert, 9, 7] => Backstage passes to a TAFKAL80ETC concert, 8, 9 
[Backstage passes to a TAFKAL80ETC concert, 9, 20] => Backstage passes to a TAFKAL80ETC concert, 8, 22 
[Backstage passes to a TAFKAL80ETC concert, 9, 49] => Backstage passes to a TAFKAL80ETC concert, 8, 50 
[Backstage passes to a TAFKAL80ETC concert, 9, 50] => Backstage passes to a TAFKAL80ETC concert, 8, 50 
[Backstage passes to a TAFKAL80ETC concert, 9, 80] => Backstage passes to a TAFKAL80ETC concert, 8, 80 
[Backstage passes to a TAFKAL80ETC concert, 10, 0] => Backstage passes to a TAFKAL80ETC concert, 9, 2 
[Backstage passes to a TAFKAL80ETC concert, 10, 5] => Backstage passes to a TAFKAL80ETC concert, 9, 7 
[Backstage passes to a TAFKAL80ETC concert, 10, 7] => Backstage passes to a TAFKAL80ETC concert, 9, 9 
[Backstage passes to a TAFKAL80ETC concert, 10, 20] => Backstage passes to a TAFKAL80ETC concert, 9, 22 
[Backstage passes to a TAFKAL80ETC concert, 10, 49] => Backstage passes to a TAFKAL80ETC concert, 9, 50 
[Backstage passes to a TAFKAL80ETC concert, 10, 50] => Backstage passes to a TAFKAL80ETC concert, 9, 50 
[Backstage passes to a TAFKAL80ETC concert, 10, 80] => Backstage passes to a TAFKAL80ETC concert, 9, 80 
[Backstage passes to a TAFKAL80ETC concert, 11, 0] => Backstage passes to a TAFKAL80ETC concert, 10, 1 
[Backstage passes to a TAFKAL80ETC concert, 11, 5] => Backstage passes to a TAFKAL80ETC concert, 10, 6 
[Backstage passes to a TAFKAL80ETC concert, 11, 7] => Backstage passes to a TAFKAL80ETC concert, 10, 8 
[Backstage passes to a TAFKAL80ETC concert, 11, 20] => Backstage passes to a TAFKAL80ETC concert, 10, 21 
[Backstage passes to a TAFKAL80ETC concert, 11, 49] => Backstage passes to a TAFKAL80ETC concert, 10, 50 
[Backstage passes to a TAFKAL80ETC concert, 11, 50] => Backstage passes to a TAFKAL80ETC concert, 10, 50 
[Backstage passes to a TAFKAL80ETC concert, 11, 80] => Backstage passes to a TAFKAL80ETC concert, 10, 80 
[Backstage passes to a TAFKAL80ETC concert, 12, 0] => Backstage passes to a TAFKAL80ETC concert, 11, 1 
[Backstage passes to a TAFKAL80ETC concert, 12, 5] => Backstage passes to a TAFKAL80ETC concert, 11, 6 
[Backstage passes to a TAFKAL80ETC concert, 12, 7] => Backstage passes to a TAFKAL80ETC concert, 11, 8 
[Backstage passes to a TAFKAL80ETC concert, 12, 20] => Backstage passes to a TAFKAL80ETC concert, 11, 21 
[Backstage passes to a TAFKAL80ETC concert, 12, 49] => Backstage passes to a TAFKAL80ETC concert, 11, 50 
[Backstage passes to a TAFKAL80ETC concert, 12, 50] => Backstage passes to a TAFKAL80ETC concert, 11, 50 
[Backstage passes to a TAFKAL80ETC concert, 12, 80] => Backstage passes to a TAFKAL80ETC concert, 11, 80 
[Backstage passes to a TAFKAL80ETC concert, 15, 0] => Backstage passes to a TAFKAL80ETC concert, 14, 1 
[Backstage passes to a TAFKAL80ETC concert, 15, 5] => Backstage passes to a TAFKAL80ETC concert, 14, 6 
[Backstage passes to a TAFKAL80ETC concert, 15, 7] => Backstage passes to a TAFKAL80ETC concert, 14, 8 
[Backstage passes to a TAFKAL80ETC concert, 15, 20] => Backstage passes to a TAFKAL80ETC concert, 14, 21 
[Backstage passes to a TAFKAL80ETC concert, 15, 49] => Backstage passes to a TAFKAL80ETC concert, 14, 50 
[Backstage passes to a TAFKAL80ETC concert, 15, 50] => Backstage passes to a TAFKAL80ETC concert, 14, 50 
[Backstage passes to a TAFKAL80ETC concert, 15, 80] => Backstage passes to a TAFKAL80ETC concert, 14, 80 
